Loading cuda/12.3.0/gcc/11.3.0/zen2
  Loading requirement: gcc/11.3.0
============================================================
Starting job baseline_train_supervised  (Job ID: 18125925)
Running on host: gpu-b10-1.zaratan.umd.edu
Cores per task: 4
GPUs allocated : 
Job started at : Sun Feb 22 21:02:01 EST 2026
Working directory: /scratch/zt1/project/heng-prj/user/ddewan/AID/TeamAID
============================================================

Sun Feb 22 21:02:01 2026       
+-----------------------------------------------------------------------------------------+
| NVIDIA-SMI 590.44.01              Driver Version: 590.44.01      CUDA Version: 13.1     |
+-----------------------------------------+------------------------+----------------------+
| GPU  Name                 Persistence-M | Bus-Id          Disp.A | Volatile Uncorr. ECC |
| Fan  Temp   Perf          Pwr:Usage/Cap |           Memory-Usage | GPU-Util  Compute M. |
|                                         |                        |               MIG M. |
|=========================================+========================+======================|
|   0  NVIDIA A100-SXM4-40GB          On  |   00000000:41:00.0 Off |                    0 |
| N/A   26C    P0             54W /  400W |       0MiB /  40960MiB |      0%      Default |
|                                         |                        |             Disabled |
+-----------------------------------------+------------------------+----------------------+

+-----------------------------------------------------------------------------------------+
| Processes:                                                                              |
|  GPU   GI   CI              PID   Type   Process name                        GPU Memory |
|        ID   ID                                                               Usage      |
|=========================================================================================|
|  No running processes found                                                             |
+-----------------------------------------------------------------------------------------+

/home/ddewan/miniconda3/envs/aid/lib/python3.10/site-packages/torch/autograd/graph.py:841: UserWarning: Deterministic behavior was enabled with either `torch.use_deterministic_algorithms(True)` or `at::Context::setDeterministicAlgorithms(true)`, but this operation is not deterministic because it uses CuBLAS and you have CUDA >= 10.2. To enable deterministic behavior in this case, you must set an environment variable before running your PyTorch application: CUBLAS_WORKSPACE_CONFIG=:4096:8 or CUBLAS_WORKSPACE_CONFIG=:16:8. For more information, go to https://docs.nvidia.com/cuda/cublas/index.html#results-reproducibility (Triggered internally at /pytorch/aten/src/ATen/Context.cpp:315.)
  return Variable._execution_engine.run_backward(  # Calls into the C++ engine to run the backward pass
/home/ddewan/miniconda3/envs/aid/lib/python3.10/site-packages/torch/autograd/graph.py:841: UserWarning: Deterministic behavior was enabled with either `torch.use_deterministic_algorithms(True)` or `at::Context::setDeterministicAlgorithms(true)`, but this operation is not deterministic because it uses CuBLAS and you have CUDA >= 10.2. To enable deterministic behavior in this case, you must set an environment variable before running your PyTorch application: CUBLAS_WORKSPACE_CONFIG=:4096:8 or CUBLAS_WORKSPACE_CONFIG=:16:8. For more information, go to https://docs.nvidia.com/cuda/cublas/index.html#results-reproducibility (Triggered internally at /pytorch/aten/src/ATen/Context.cpp:315.)
  return Variable._execution_engine.run_backward(  # Calls into the C++ engine to run the backward pass
/home/ddewan/miniconda3/envs/aid/lib/python3.10/site-packages/torch/autograd/graph.py:841: UserWarning: Deterministic behavior was enabled with either `torch.use_deterministic_algorithms(True)` or `at::Context::setDeterministicAlgorithms(true)`, but this operation is not deterministic because it uses CuBLAS and you have CUDA >= 10.2. To enable deterministic behavior in this case, you must set an environment variable before running your PyTorch application: CUBLAS_WORKSPACE_CONFIG=:4096:8 or CUBLAS_WORKSPACE_CONFIG=:16:8. For more information, go to https://docs.nvidia.com/cuda/cublas/index.html#results-reproducibility (Triggered internally at /pytorch/aten/src/ATen/Context.cpp:315.)
  return Variable._execution_engine.run_backward(  # Calls into the C++ engine to run the backward pass
/home/ddewan/miniconda3/envs/aid/lib/python3.10/site-packages/torch/autograd/graph.py:841: UserWarning: Deterministic behavior was enabled with either `torch.use_deterministic_algorithms(True)` or `at::Context::setDeterministicAlgorithms(true)`, but this operation is not deterministic because it uses CuBLAS and you have CUDA >= 10.2. To enable deterministic behavior in this case, you must set an environment variable before running your PyTorch application: CUBLAS_WORKSPACE_CONFIG=:4096:8 or CUBLAS_WORKSPACE_CONFIG=:16:8. For more information, go to https://docs.nvidia.com/cuda/cublas/index.html#results-reproducibility (Triggered internally at /pytorch/aten/src/ATen/Context.cpp:315.)
  return Variable._execution_engine.run_backward(  # Calls into the C++ engine to run the backward pass
/home/ddewan/miniconda3/envs/aid/lib/python3.10/site-packages/torch/autograd/graph.py:841: UserWarning: Deterministic behavior was enabled with either `torch.use_deterministic_algorithms(True)` or `at::Context::setDeterministicAlgorithms(true)`, but this operation is not deterministic because it uses CuBLAS and you have CUDA >= 10.2. To enable deterministic behavior in this case, you must set an environment variable before running your PyTorch application: CUBLAS_WORKSPACE_CONFIG=:4096:8 or CUBLAS_WORKSPACE_CONFIG=:16:8. For more information, go to https://docs.nvidia.com/cuda/cublas/index.html#results-reproducibility (Triggered internally at /pytorch/aten/src/ATen/Context.cpp:315.)
  return Variable._execution_engine.run_backward(  # Calls into the C++ engine to run the backward pass
/home/ddewan/miniconda3/envs/aid/lib/python3.10/site-packages/torch/autograd/graph.py:841: UserWarning: Deterministic behavior was enabled with either `torch.use_deterministic_algorithms(True)` or `at::Context::setDeterministicAlgorithms(true)`, but this operation is not deterministic because it uses CuBLAS and you have CUDA >= 10.2. To enable deterministic behavior in this case, you must set an environment variable before running your PyTorch application: CUBLAS_WORKSPACE_CONFIG=:4096:8 or CUBLAS_WORKSPACE_CONFIG=:16:8. For more information, go to https://docs.nvidia.com/cuda/cublas/index.html#results-reproducibility (Triggered internally at /pytorch/aten/src/ATen/Context.cpp:315.)
  return Variable._execution_engine.run_backward(  # Calls into the C++ engine to run the backward pass
/home/ddewan/miniconda3/envs/aid/lib/python3.10/site-packages/torch/autograd/graph.py:841: UserWarning: Deterministic behavior was enabled with either `torch.use_deterministic_algorithms(True)` or `at::Context::setDeterministicAlgorithms(true)`, but this operation is not deterministic because it uses CuBLAS and you have CUDA >= 10.2. To enable deterministic behavior in this case, you must set an environment variable before running your PyTorch application: CUBLAS_WORKSPACE_CONFIG=:4096:8 or CUBLAS_WORKSPACE_CONFIG=:16:8. For more information, go to https://docs.nvidia.com/cuda/cublas/index.html#results-reproducibility (Triggered internally at /pytorch/aten/src/ATen/Context.cpp:315.)
  return Variable._execution_engine.run_backward(  # Calls into the C++ engine to run the backward pass
/home/ddewan/miniconda3/envs/aid/lib/python3.10/site-packages/torch/autograd/graph.py:841: UserWarning: Deterministic behavior was enabled with either `torch.use_deterministic_algorithms(True)` or `at::Context::setDeterministicAlgorithms(true)`, but this operation is not deterministic because it uses CuBLAS and you have CUDA >= 10.2. To enable deterministic behavior in this case, you must set an environment variable before running your PyTorch application: CUBLAS_WORKSPACE_CONFIG=:4096:8 or CUBLAS_WORKSPACE_CONFIG=:16:8. For more information, go to https://docs.nvidia.com/cuda/cublas/index.html#results-reproducibility (Triggered internally at /pytorch/aten/src/ATen/Context.cpp:315.)
  return Variable._execution_engine.run_backward(  # Calls into the C++ engine to run the backward pass
/home/ddewan/miniconda3/envs/aid/lib/python3.10/site-packages/torch/autograd/graph.py:841: UserWarning: Deterministic behavior was enabled with either `torch.use_deterministic_algorithms(True)` or `at::Context::setDeterministicAlgorithms(true)`, but this operation is not deterministic because it uses CuBLAS and you have CUDA >= 10.2. To enable deterministic behavior in this case, you must set an environment variable before running your PyTorch application: CUBLAS_WORKSPACE_CONFIG=:4096:8 or CUBLAS_WORKSPACE_CONFIG=:16:8. For more information, go to https://docs.nvidia.com/cuda/cublas/index.html#results-reproducibility (Triggered internally at /pytorch/aten/src/ATen/Context.cpp:315.)
  return Variable._execution_engine.run_backward(  # Calls into the C++ engine to run the backward pass
/home/ddewan/miniconda3/envs/aid/lib/python3.10/site-packages/torch/autograd/graph.py:841: UserWarning: Deterministic behavior was enabled with either `torch.use_deterministic_algorithms(True)` or `at::Context::setDeterministicAlgorithms(true)`, but this operation is not deterministic because it uses CuBLAS and you have CUDA >= 10.2. To enable deterministic behavior in this case, you must set an environment variable before running your PyTorch application: CUBLAS_WORKSPACE_CONFIG=:4096:8 or CUBLAS_WORKSPACE_CONFIG=:16:8. For more information, go to https://docs.nvidia.com/cuda/cublas/index.html#results-reproducibility (Triggered internally at /pytorch/aten/src/ATen/Context.cpp:315.)
  return Variable._execution_engine.run_backward(  # Calls into the C++ engine to run the backward pass
/home/ddewan/miniconda3/envs/aid/lib/python3.10/site-packages/torch/autograd/graph.py:841: UserWarning: Deterministic behavior was enabled with either `torch.use_deterministic_algorithms(True)` or `at::Context::setDeterministicAlgorithms(true)`, but this operation is not deterministic because it uses CuBLAS and you have CUDA >= 10.2. To enable deterministic behavior in this case, you must set an environment variable before running your PyTorch application: CUBLAS_WORKSPACE_CONFIG=:4096:8 or CUBLAS_WORKSPACE_CONFIG=:16:8. For more information, go to https://docs.nvidia.com/cuda/cublas/index.html#results-reproducibility (Triggered internally at /pytorch/aten/src/ATen/Context.cpp:315.)
  return Variable._execution_engine.run_backward(  # Calls into the C++ engine to run the backward pass
/home/ddewan/miniconda3/envs/aid/lib/python3.10/site-packages/torch/autograd/graph.py:841: UserWarning: Deterministic behavior was enabled with either `torch.use_deterministic_algorithms(True)` or `at::Context::setDeterministicAlgorithms(true)`, but this operation is not deterministic because it uses CuBLAS and you have CUDA >= 10.2. To enable deterministic behavior in this case, you must set an environment variable before running your PyTorch application: CUBLAS_WORKSPACE_CONFIG=:4096:8 or CUBLAS_WORKSPACE_CONFIG=:16:8. For more information, go to https://docs.nvidia.com/cuda/cublas/index.html#results-reproducibility (Triggered internally at /pytorch/aten/src/ATen/Context.cpp:315.)
  return Variable._execution_engine.run_backward(  # Calls into the C++ engine to run the backward pass
/home/ddewan/miniconda3/envs/aid/lib/python3.10/site-packages/torch/autograd/graph.py:841: UserWarning: Deterministic behavior was enabled with either `torch.use_deterministic_algorithms(True)` or `at::Context::setDeterministicAlgorithms(true)`, but this operation is not deterministic because it uses CuBLAS and you have CUDA >= 10.2. To enable deterministic behavior in this case, you must set an environment variable before running your PyTorch application: CUBLAS_WORKSPACE_CONFIG=:4096:8 or CUBLAS_WORKSPACE_CONFIG=:16:8. For more information, go to https://docs.nvidia.com/cuda/cublas/index.html#results-reproducibility (Triggered internally at /pytorch/aten/src/ATen/Context.cpp:315.)
  return Variable._execution_engine.run_backward(  # Calls into the C++ engine to run the backward pass
/home/ddewan/miniconda3/envs/aid/lib/python3.10/site-packages/torch/autograd/graph.py:841: UserWarning: Deterministic behavior was enabled with either `torch.use_deterministic_algorithms(True)` or `at::Context::setDeterministicAlgorithms(true)`, but this operation is not deterministic because it uses CuBLAS and you have CUDA >= 10.2. To enable deterministic behavior in this case, you must set an environment variable before running your PyTorch application: CUBLAS_WORKSPACE_CONFIG=:4096:8 or CUBLAS_WORKSPACE_CONFIG=:16:8. For more information, go to https://docs.nvidia.com/cuda/cublas/index.html#results-reproducibility (Triggered internally at /pytorch/aten/src/ATen/Context.cpp:315.)
  return Variable._execution_engine.run_backward(  # Calls into the C++ engine to run the backward pass
/home/ddewan/miniconda3/envs/aid/lib/python3.10/site-packages/torch/autograd/graph.py:841: UserWarning: Deterministic behavior was enabled with either `torch.use_deterministic_algorithms(True)` or `at::Context::setDeterministicAlgorithms(true)`, but this operation is not deterministic because it uses CuBLAS and you have CUDA >= 10.2. To enable deterministic behavior in this case, you must set an environment variable before running your PyTorch application: CUBLAS_WORKSPACE_CONFIG=:4096:8 or CUBLAS_WORKSPACE_CONFIG=:16:8. For more information, go to https://docs.nvidia.com/cuda/cublas/index.html#results-reproducibility (Triggered internally at /pytorch/aten/src/ATen/Context.cpp:315.)
  return Variable._execution_engine.run_backward(  # Calls into the C++ engine to run the backward pass
/home/ddewan/miniconda3/envs/aid/lib/python3.10/site-packages/torch/autograd/graph.py:841: UserWarning: Deterministic behavior was enabled with either `torch.use_deterministic_algorithms(True)` or `at::Context::setDeterministicAlgorithms(true)`, but this operation is not deterministic because it uses CuBLAS and you have CUDA >= 10.2. To enable deterministic behavior in this case, you must set an environment variable before running your PyTorch application: CUBLAS_WORKSPACE_CONFIG=:4096:8 or CUBLAS_WORKSPACE_CONFIG=:16:8. For more information, go to https://docs.nvidia.com/cuda/cublas/index.html#results-reproducibility (Triggered internally at /pytorch/aten/src/ATen/Context.cpp:315.)
  return Variable._execution_engine.run_backward(  # Calls into the C++ engine to run the backward pass
/home/ddewan/miniconda3/envs/aid/lib/python3.10/site-packages/torch/autograd/graph.py:841: UserWarning: Deterministic behavior was enabled with either `torch.use_deterministic_algorithms(True)` or `at::Context::setDeterministicAlgorithms(true)`, but this operation is not deterministic because it uses CuBLAS and you have CUDA >= 10.2. To enable deterministic behavior in this case, you must set an environment variable before running your PyTorch application: CUBLAS_WORKSPACE_CONFIG=:4096:8 or CUBLAS_WORKSPACE_CONFIG=:16:8. For more information, go to https://docs.nvidia.com/cuda/cublas/index.html#results-reproducibility (Triggered internally at /pytorch/aten/src/ATen/Context.cpp:315.)
  return Variable._execution_engine.run_backward(  # Calls into the C++ engine to run the backward pass
/home/ddewan/miniconda3/envs/aid/lib/python3.10/site-packages/torch/autograd/graph.py:841: UserWarning: Deterministic behavior was enabled with either `torch.use_deterministic_algorithms(True)` or `at::Context::setDeterministicAlgorithms(true)`, but this operation is not deterministic because it uses CuBLAS and you have CUDA >= 10.2. To enable deterministic behavior in this case, you must set an environment variable before running your PyTorch application: CUBLAS_WORKSPACE_CONFIG=:4096:8 or CUBLAS_WORKSPACE_CONFIG=:16:8. For more information, go to https://docs.nvidia.com/cuda/cublas/index.html#results-reproducibility (Triggered internally at /pytorch/aten/src/ATen/Context.cpp:315.)
  return Variable._execution_engine.run_backward(  # Calls into the C++ engine to run the backward pass
/home/ddewan/miniconda3/envs/aid/lib/python3.10/site-packages/torch/autograd/graph.py:841: UserWarning: Deterministic behavior was enabled with either `torch.use_deterministic_algorithms(True)` or `at::Context::setDeterministicAlgorithms(true)`, but this operation is not deterministic because it uses CuBLAS and you have CUDA >= 10.2. To enable deterministic behavior in this case, you must set an environment variable before running your PyTorch application: CUBLAS_WORKSPACE_CONFIG=:4096:8 or CUBLAS_WORKSPACE_CONFIG=:16:8. For more information, go to https://docs.nvidia.com/cuda/cublas/index.html#results-reproducibility (Triggered internally at /pytorch/aten/src/ATen/Context.cpp:315.)
  return Variable._execution_engine.run_backward(  # Calls into the C++ engine to run the backward pass
/home/ddewan/miniconda3/envs/aid/lib/python3.10/site-packages/torch/autograd/graph.py:841: UserWarning: Deterministic behavior was enabled with either `torch.use_deterministic_algorithms(True)` or `at::Context::setDeterministicAlgorithms(true)`, but this operation is not deterministic because it uses CuBLAS and you have CUDA >= 10.2. To enable deterministic behavior in this case, you must set an environment variable before running your PyTorch application: CUBLAS_WORKSPACE_CONFIG=:4096:8 or CUBLAS_WORKSPACE_CONFIG=:16:8. For more information, go to https://docs.nvidia.com/cuda/cublas/index.html#results-reproducibility (Triggered internally at /pytorch/aten/src/ATen/Context.cpp:315.)
  return Variable._execution_engine.run_backward(  # Calls into the C++ engine to run the backward pass
/home/ddewan/miniconda3/envs/aid/lib/python3.10/site-packages/torch/autograd/graph.py:841: UserWarning: Deterministic behavior was enabled with either `torch.use_deterministic_algorithms(True)` or `at::Context::setDeterministicAlgorithms(true)`, but this operation is not deterministic because it uses CuBLAS and you have CUDA >= 10.2. To enable deterministic behavior in this case, you must set an environment variable before running your PyTorch application: CUBLAS_WORKSPACE_CONFIG=:4096:8 or CUBLAS_WORKSPACE_CONFIG=:16:8. For more information, go to https://docs.nvidia.com/cuda/cublas/index.html#results-reproducibility (Triggered internally at /pytorch/aten/src/ATen/Context.cpp:315.)
  return Variable._execution_engine.run_backward(  # Calls into the C++ engine to run the backward pass
/home/ddewan/miniconda3/envs/aid/lib/python3.10/site-packages/torch/autograd/graph.py:841: UserWarning: Deterministic behavior was enabled with either `torch.use_deterministic_algorithms(True)` or `at::Context::setDeterministicAlgorithms(true)`, but this operation is not deterministic because it uses CuBLAS and you have CUDA >= 10.2. To enable deterministic behavior in this case, you must set an environment variable before running your PyTorch application: CUBLAS_WORKSPACE_CONFIG=:4096:8 or CUBLAS_WORKSPACE_CONFIG=:16:8. For more information, go to https://docs.nvidia.com/cuda/cublas/index.html#results-reproducibility (Triggered internally at /pytorch/aten/src/ATen/Context.cpp:315.)
  return Variable._execution_engine.run_backward(  # Calls into the C++ engine to run the backward pass
Seed set to 42 (Deterministic mode enabled)
Train Dataset Size:  393
Classes:  ['benign', 'malignant']
Class to index mapping:  {'benign': 0, 'malignant': 1}
Malignant samples:  103
Benign samples:  290
Using device: cuda
Epoch 1
-------------------------------
Loss: 0.0017017022950655328
Val F1 (macro): 0.4254
✓ Checkpoint saved (F1: 0.4254)
Epoch 2
-------------------------------
Loss: 0.0011729274997274385
Val F1 (macro): 0.4526
✓ Checkpoint saved (F1: 0.4526)
Epoch 3
-------------------------------
Loss: 0.001584633464424968
Val F1 (macro): 0.5229
✓ Checkpoint saved (F1: 0.5229)
Epoch 4
-------------------------------
Loss: 0.001237680742152168
Val F1 (macro): 0.6110
✓ Checkpoint saved (F1: 0.6110)
Epoch 5
-------------------------------
Loss: 0.000964330656231208
Val F1 (macro): 0.6611
✓ Checkpoint saved (F1: 0.6611)
Epoch 6
-------------------------------
Loss: 0.0011948225759064574
Val F1 (macro): 0.7564
✓ Checkpoint saved (F1: 0.7564)
Epoch 7
-------------------------------
Loss: 0.0009856688915621536
Val F1 (macro): 0.7667
✓ Checkpoint saved (F1: 0.7667)
Epoch 8
-------------------------------
Loss: 0.0011562700490005144
Val F1 (macro): 0.7319
EarlyStopping counter: 1 out of 10
Epoch 9
-------------------------------
Loss: 0.0006865086294615845
Val F1 (macro): 0.7388
EarlyStopping counter: 2 out of 10
Epoch 10
-------------------------------
Loss: 0.0006919004989944342
Val F1 (macro): 0.7756
✓ Checkpoint saved (F1: 0.7756)
Epoch 11
-------------------------------
Loss: 0.0006859070472134889
Val F1 (macro): 0.7856
✓ Checkpoint saved (F1: 0.7856)
Epoch 12
-------------------------------
Loss: 0.0005879584159559876
Val F1 (macro): 0.7934
✓ Checkpoint saved (F1: 0.7934)
Epoch 13
-------------------------------
Loss: 0.0008482421172484187
Val F1 (macro): 0.7179
EarlyStopping counter: 1 out of 10
Epoch 14
-------------------------------
Loss: 0.000416175175562463
Val F1 (macro): 0.7702
EarlyStopping counter: 2 out of 10
Epoch 15
-------------------------------
Loss: 0.0002657843530936399
Val F1 (macro): 0.7894
EarlyStopping counter: 3 out of 10
Epoch 16
-------------------------------
Loss: 0.00043683811908459846
Val F1 (macro): 0.7626
EarlyStopping counter: 4 out of 10
Epoch 17
-------------------------------
Loss: 0.0007094942583079254
Val F1 (macro): 0.7115
EarlyStopping counter: 5 out of 10
Epoch 18
-------------------------------
Loss: 0.0002600391781663773
Val F1 (macro): 0.7729
EarlyStopping counter: 6 out of 10
Epoch 19
-------------------------------
Loss: 0.0005450493279304213
Val F1 (macro): 0.7541
EarlyStopping counter: 7 out of 10
Epoch 20
-------------------------------
Loss: 0.00013936408641380816
Val F1 (macro): 0.7661
EarlyStopping counter: 8 out of 10
Epoch 21
-------------------------------
Loss: 0.00027129383942553107
Val F1 (macro): 0.7816
EarlyStopping counter: 9 out of 10
Epoch 22
-------------------------------
Loss: 0.0004624947715958263
Val F1 (macro): 0.7392
EarlyStopping counter: 10 out of 10
Early stopping triggered after 22 epochs

Training complete!
Loaded best model (Best F1: 0.7934)

Job finished at: Sun Feb 22 21:05:30 EST 2026
Exit code: 
============================================================
