Loading cuda/12.3.0/gcc/11.3.0/zen2
  Loading requirement: gcc/11.3.0
============================================================
Starting job test_combined  (Job ID: 17994650)
Running on host: gpu-b10-1.zaratan.umd.edu
Cores per task: 4
GPUs allocated : 
Job started at : Tue Feb 17 21:57:56 EST 2026
Working directory: /scratch/zt1/project/heng-prj/user/ddewan/AID/TeamAID
============================================================

Tue Feb 17 21:57:56 2026       
+-----------------------------------------------------------------------------------------+
| NVIDIA-SMI 590.44.01              Driver Version: 590.44.01      CUDA Version: 13.1     |
+-----------------------------------------+------------------------+----------------------+
| GPU  Name                 Persistence-M | Bus-Id          Disp.A | Volatile Uncorr. ECC |
| Fan  Temp   Perf          Pwr:Usage/Cap |           Memory-Usage | GPU-Util  Compute M. |
|                                         |                        |               MIG M. |
|=========================================+========================+======================|
|   0  NVIDIA A100-SXM4-40GB          On  |   00000000:81:00.0 Off |                    0 |
| N/A   39C    P0             54W /  400W |       0MiB /  40960MiB |      0%      Default |
|                                         |                        |             Disabled |
+-----------------------------------------+------------------------+----------------------+

+-----------------------------------------------------------------------------------------+
| Processes:                                                                              |
|  GPU   GI   CI              PID   Type   Process name                        GPU Memory |
|        ID   ID                                                               Usage      |
|=========================================================================================|
|  No running processes found                                                             |
+-----------------------------------------------------------------------------------------+

ISIC samples: 2638
Stanford 10% balanced samples: 64
Total training samples: 2702
Using device: cuda
Epoch 1
-------------------------------
loss: 0.821520  [   64/ 2702]
loss: 0.181226  [ 2702/ 2702]
Epoch 2
-------------------------------
loss: 0.239389  [   64/ 2702]
loss: 0.185292  [ 2702/ 2702]
Epoch 3
-------------------------------
loss: 0.158665  [   64/ 2702]
loss: 0.660063  [ 2702/ 2702]
Epoch 4
-------------------------------
loss: 0.241858  [   64/ 2702]
loss: 0.484404  [ 2702/ 2702]
Epoch 5
-------------------------------
loss: 0.245057  [   64/ 2702]
loss: 0.230185  [ 2702/ 2702]
Epoch 6
-------------------------------
loss: 0.191232  [   64/ 2702]
loss: 0.211815  [ 2702/ 2702]
Epoch 7
-------------------------------
loss: 0.147151  [   64/ 2702]
loss: 0.131155  [ 2702/ 2702]
Epoch 8
-------------------------------
loss: 0.112455  [   64/ 2702]
loss: 0.529516  [ 2702/ 2702]
Epoch 9
-------------------------------
loss: 0.087365  [   64/ 2702]
loss: 0.164974  [ 2702/ 2702]
Epoch 10
-------------------------------
loss: 0.240863  [   64/ 2702]
loss: 0.070091  [ 2702/ 2702]
Epoch 11
-------------------------------
loss: 0.141838  [   64/ 2702]
loss: 0.078556  [ 2702/ 2702]
Epoch 12
-------------------------------
loss: 0.093868  [   64/ 2702]
loss: 0.620762  [ 2702/ 2702]
Epoch 13
-------------------------------
loss: 0.088758  [   64/ 2702]
loss: 0.065342  [ 2702/ 2702]
Epoch 14
-------------------------------
loss: 0.065147  [   64/ 2702]
loss: 0.318736  [ 2702/ 2702]
Epoch 15
-------------------------------
loss: 0.117536  [   64/ 2702]
loss: 0.481809  [ 2702/ 2702]
Epoch 16
-------------------------------
loss: 0.069096  [   64/ 2702]
loss: 0.018319  [ 2702/ 2702]
Epoch 17
-------------------------------
loss: 0.050026  [   64/ 2702]
loss: 0.106474  [ 2702/ 2702]
Epoch 18
-------------------------------
loss: 0.091669  [   64/ 2702]
loss: 0.004108  [ 2702/ 2702]
Epoch 19
-------------------------------
loss: 0.048434  [   64/ 2702]
loss: 0.180041  [ 2702/ 2702]
Epoch 20
-------------------------------
loss: 0.079916  [   64/ 2702]
loss: 0.211293  [ 2702/ 2702]
Epoch 21
-------------------------------
loss: 0.062868  [   64/ 2702]
loss: 0.058129  [ 2702/ 2702]
Epoch 22
-------------------------------
loss: 0.034251  [   64/ 2702]
loss: 0.271936  [ 2702/ 2702]
Epoch 23
-------------------------------
loss: 0.013560  [   64/ 2702]
loss: 0.272581  [ 2702/ 2702]
Epoch 24
-------------------------------
loss: 0.035737  [   64/ 2702]
loss: 0.074020  [ 2702/ 2702]
Epoch 25
-------------------------------
loss: 0.034056  [   64/ 2702]
loss: 0.515332  [ 2702/ 2702]
Epoch 26
-------------------------------
loss: 0.033119  [   64/ 2702]
loss: 0.104708  [ 2702/ 2702]
Epoch 27
-------------------------------
loss: 0.029385  [   64/ 2702]
loss: 0.060820  [ 2702/ 2702]
Epoch 28
-------------------------------
loss: 0.137869  [   64/ 2702]
loss: 0.270094  [ 2702/ 2702]
Epoch 29
-------------------------------
loss: 0.046632  [   64/ 2702]
loss: 0.261699  [ 2702/ 2702]
Epoch 30
-------------------------------
loss: 0.030233  [   64/ 2702]
loss: 0.063595  [ 2702/ 2702]
Epoch 31
-------------------------------
loss: 0.025676  [   64/ 2702]
loss: 0.064827  [ 2702/ 2702]
Epoch 32
-------------------------------
loss: 0.067047  [   64/ 2702]
loss: 0.033696  [ 2702/ 2702]
Epoch 33
-------------------------------
loss: 0.149669  [   64/ 2702]
loss: 0.180137  [ 2702/ 2702]
Epoch 34
-------------------------------
loss: 0.014254  [   64/ 2702]
loss: 0.196703  [ 2702/ 2702]
Epoch 35
-------------------------------
loss: 0.047233  [   64/ 2702]
loss: 0.014766  [ 2702/ 2702]
Epoch 36
-------------------------------
loss: 0.025245  [   64/ 2702]
loss: 0.061366  [ 2702/ 2702]
Epoch 37
-------------------------------
loss: 0.130591  [   64/ 2702]
loss: 0.161952  [ 2702/ 2702]
Epoch 38
-------------------------------
loss: 0.006034  [   64/ 2702]
loss: 0.002901  [ 2702/ 2702]
Epoch 39
-------------------------------
loss: 0.168831  [   64/ 2702]
loss: 0.003720  [ 2702/ 2702]
Epoch 40
-------------------------------
loss: 0.064479  [   64/ 2702]
loss: 0.008553  [ 2702/ 2702]
Epoch 41
-------------------------------
loss: 0.020438  [   64/ 2702]
loss: 0.476610  [ 2702/ 2702]
Epoch 42
-------------------------------
loss: 0.044422  [   64/ 2702]
loss: 0.078347  [ 2702/ 2702]
Epoch 43
-------------------------------
loss: 0.034785  [   64/ 2702]
loss: 0.026753  [ 2702/ 2702]
Epoch 44
-------------------------------
loss: 0.020524  [   64/ 2702]
loss: 0.001393  [ 2702/ 2702]
Epoch 45
-------------------------------
loss: 0.053458  [   64/ 2702]
loss: 0.093335  [ 2702/ 2702]
Epoch 46
-------------------------------
loss: 0.071069  [   64/ 2702]
loss: 0.011295  [ 2702/ 2702]
Epoch 47
-------------------------------
loss: 0.002290  [   64/ 2702]
loss: 0.009038  [ 2702/ 2702]
Epoch 48
-------------------------------
loss: 0.044836  [   64/ 2702]
loss: 0.018322  [ 2702/ 2702]
Epoch 49
-------------------------------
loss: 0.009487  [   64/ 2702]
loss: 0.495107  [ 2702/ 2702]
Epoch 50
-------------------------------
loss: 0.009735  [   64/ 2702]
loss: 0.041058  [ 2702/ 2702]
Training Complete.

Job finished at: Tue Feb 17 22:38:30 EST 2026
Exit code: 
============================================================
