Loading cuda/12.3.0/gcc/11.3.0/zen2
  Loading requirement: gcc/11.3.0
============================================================
Starting job train_sup_frozen  (Job ID: 18126633)
Running on host: gpu-b11-3.zaratan.umd.edu
Cores per task: 4
GPUs allocated : 
Job started at : Mon Feb 23 00:14:26 EST 2026
Working directory: /scratch/zt1/project/heng-prj/user/ddewan/AID/TeamAID
============================================================

Mon Feb 23 00:14:26 2026       
+-----------------------------------------------------------------------------------------+
| NVIDIA-SMI 590.44.01              Driver Version: 590.44.01      CUDA Version: 13.1     |
+-----------------------------------------+------------------------+----------------------+
| GPU  Name                 Persistence-M | Bus-Id          Disp.A | Volatile Uncorr. ECC |
| Fan  Temp   Perf          Pwr:Usage/Cap |           Memory-Usage | GPU-Util  Compute M. |
|                                         |                        |               MIG M. |
|=========================================+========================+======================|
|   0  NVIDIA A100-SXM4-40GB          On  |   00000000:81:00.0 Off |                    0 |
| N/A   28C    P0             54W /  400W |       0MiB /  40960MiB |      0%      Default |
|                                         |                        |             Disabled |
+-----------------------------------------+------------------------+----------------------+

+-----------------------------------------------------------------------------------------+
| Processes:                                                                              |
|  GPU   GI   CI              PID   Type   Process name                        GPU Memory |
|        ID   ID                                                               Usage      |
|=========================================================================================|
|  No running processes found                                                             |
+-----------------------------------------------------------------------------------------+

/home/ddewan/miniconda3/envs/aid/lib/python3.10/site-packages/torch/autograd/graph.py:841: UserWarning: Deterministic behavior was enabled with either `torch.use_deterministic_algorithms(True)` or `at::Context::setDeterministicAlgorithms(true)`, but this operation is not deterministic because it uses CuBLAS and you have CUDA >= 10.2. To enable deterministic behavior in this case, you must set an environment variable before running your PyTorch application: CUBLAS_WORKSPACE_CONFIG=:4096:8 or CUBLAS_WORKSPACE_CONFIG=:16:8. For more information, go to https://docs.nvidia.com/cuda/cublas/index.html#results-reproducibility (Triggered internally at /pytorch/aten/src/ATen/Context.cpp:315.)
  return Variable._execution_engine.run_backward(  # Calls into the C++ engine to run the backward pass
/home/ddewan/miniconda3/envs/aid/lib/python3.10/site-packages/torch/autograd/graph.py:841: UserWarning: Deterministic behavior was enabled with either `torch.use_deterministic_algorithms(True)` or `at::Context::setDeterministicAlgorithms(true)`, but this operation is not deterministic because it uses CuBLAS and you have CUDA >= 10.2. To enable deterministic behavior in this case, you must set an environment variable before running your PyTorch application: CUBLAS_WORKSPACE_CONFIG=:4096:8 or CUBLAS_WORKSPACE_CONFIG=:16:8. For more information, go to https://docs.nvidia.com/cuda/cublas/index.html#results-reproducibility (Triggered internally at /pytorch/aten/src/ATen/Context.cpp:315.)
  return Variable._execution_engine.run_backward(  # Calls into the C++ engine to run the backward pass
/home/ddewan/miniconda3/envs/aid/lib/python3.10/site-packages/torch/autograd/graph.py:841: UserWarning: Deterministic behavior was enabled with either `torch.use_deterministic_algorithms(True)` or `at::Context::setDeterministicAlgorithms(true)`, but this operation is not deterministic because it uses CuBLAS and you have CUDA >= 10.2. To enable deterministic behavior in this case, you must set an environment variable before running your PyTorch application: CUBLAS_WORKSPACE_CONFIG=:4096:8 or CUBLAS_WORKSPACE_CONFIG=:16:8. For more information, go to https://docs.nvidia.com/cuda/cublas/index.html#results-reproducibility (Triggered internally at /pytorch/aten/src/ATen/Context.cpp:315.)
  return Variable._execution_engine.run_backward(  # Calls into the C++ engine to run the backward pass
/home/ddewan/miniconda3/envs/aid/lib/python3.10/site-packages/torch/autograd/graph.py:841: UserWarning: Deterministic behavior was enabled with either `torch.use_deterministic_algorithms(True)` or `at::Context::setDeterministicAlgorithms(true)`, but this operation is not deterministic because it uses CuBLAS and you have CUDA >= 10.2. To enable deterministic behavior in this case, you must set an environment variable before running your PyTorch application: CUBLAS_WORKSPACE_CONFIG=:4096:8 or CUBLAS_WORKSPACE_CONFIG=:16:8. For more information, go to https://docs.nvidia.com/cuda/cublas/index.html#results-reproducibility (Triggered internally at /pytorch/aten/src/ATen/Context.cpp:315.)
  return Variable._execution_engine.run_backward(  # Calls into the C++ engine to run the backward pass
/home/ddewan/miniconda3/envs/aid/lib/python3.10/site-packages/torch/autograd/graph.py:841: UserWarning: Deterministic behavior was enabled with either `torch.use_deterministic_algorithms(True)` or `at::Context::setDeterministicAlgorithms(true)`, but this operation is not deterministic because it uses CuBLAS and you have CUDA >= 10.2. To enable deterministic behavior in this case, you must set an environment variable before running your PyTorch application: CUBLAS_WORKSPACE_CONFIG=:4096:8 or CUBLAS_WORKSPACE_CONFIG=:16:8. For more information, go to https://docs.nvidia.com/cuda/cublas/index.html#results-reproducibility (Triggered internally at /pytorch/aten/src/ATen/Context.cpp:315.)
  return Variable._execution_engine.run_backward(  # Calls into the C++ engine to run the backward pass
/home/ddewan/miniconda3/envs/aid/lib/python3.10/site-packages/torch/autograd/graph.py:841: UserWarning: Deterministic behavior was enabled with either `torch.use_deterministic_algorithms(True)` or `at::Context::setDeterministicAlgorithms(true)`, but this operation is not deterministic because it uses CuBLAS and you have CUDA >= 10.2. To enable deterministic behavior in this case, you must set an environment variable before running your PyTorch application: CUBLAS_WORKSPACE_CONFIG=:4096:8 or CUBLAS_WORKSPACE_CONFIG=:16:8. For more information, go to https://docs.nvidia.com/cuda/cublas/index.html#results-reproducibility (Triggered internally at /pytorch/aten/src/ATen/Context.cpp:315.)
  return Variable._execution_engine.run_backward(  # Calls into the C++ engine to run the backward pass
/home/ddewan/miniconda3/envs/aid/lib/python3.10/site-packages/torch/autograd/graph.py:841: UserWarning: Deterministic behavior was enabled with either `torch.use_deterministic_algorithms(True)` or `at::Context::setDeterministicAlgorithms(true)`, but this operation is not deterministic because it uses CuBLAS and you have CUDA >= 10.2. To enable deterministic behavior in this case, you must set an environment variable before running your PyTorch application: CUBLAS_WORKSPACE_CONFIG=:4096:8 or CUBLAS_WORKSPACE_CONFIG=:16:8. For more information, go to https://docs.nvidia.com/cuda/cublas/index.html#results-reproducibility (Triggered internally at /pytorch/aten/src/ATen/Context.cpp:315.)
  return Variable._execution_engine.run_backward(  # Calls into the C++ engine to run the backward pass
/home/ddewan/miniconda3/envs/aid/lib/python3.10/site-packages/torch/autograd/graph.py:841: UserWarning: Deterministic behavior was enabled with either `torch.use_deterministic_algorithms(True)` or `at::Context::setDeterministicAlgorithms(true)`, but this operation is not deterministic because it uses CuBLAS and you have CUDA >= 10.2. To enable deterministic behavior in this case, you must set an environment variable before running your PyTorch application: CUBLAS_WORKSPACE_CONFIG=:4096:8 or CUBLAS_WORKSPACE_CONFIG=:16:8. For more information, go to https://docs.nvidia.com/cuda/cublas/index.html#results-reproducibility (Triggered internally at /pytorch/aten/src/ATen/Context.cpp:315.)
  return Variable._execution_engine.run_backward(  # Calls into the C++ engine to run the backward pass
/home/ddewan/miniconda3/envs/aid/lib/python3.10/site-packages/torch/autograd/graph.py:841: UserWarning: Deterministic behavior was enabled with either `torch.use_deterministic_algorithms(True)` or `at::Context::setDeterministicAlgorithms(true)`, but this operation is not deterministic because it uses CuBLAS and you have CUDA >= 10.2. To enable deterministic behavior in this case, you must set an environment variable before running your PyTorch application: CUBLAS_WORKSPACE_CONFIG=:4096:8 or CUBLAS_WORKSPACE_CONFIG=:16:8. For more information, go to https://docs.nvidia.com/cuda/cublas/index.html#results-reproducibility (Triggered internally at /pytorch/aten/src/ATen/Context.cpp:315.)
  return Variable._execution_engine.run_backward(  # Calls into the C++ engine to run the backward pass
/home/ddewan/miniconda3/envs/aid/lib/python3.10/site-packages/torch/autograd/graph.py:841: UserWarning: Deterministic behavior was enabled with either `torch.use_deterministic_algorithms(True)` or `at::Context::setDeterministicAlgorithms(true)`, but this operation is not deterministic because it uses CuBLAS and you have CUDA >= 10.2. To enable deterministic behavior in this case, you must set an environment variable before running your PyTorch application: CUBLAS_WORKSPACE_CONFIG=:4096:8 or CUBLAS_WORKSPACE_CONFIG=:16:8. For more information, go to https://docs.nvidia.com/cuda/cublas/index.html#results-reproducibility (Triggered internally at /pytorch/aten/src/ATen/Context.cpp:315.)
  return Variable._execution_engine.run_backward(  # Calls into the C++ engine to run the backward pass
/home/ddewan/miniconda3/envs/aid/lib/python3.10/site-packages/torch/autograd/graph.py:841: UserWarning: Deterministic behavior was enabled with either `torch.use_deterministic_algorithms(True)` or `at::Context::setDeterministicAlgorithms(true)`, but this operation is not deterministic because it uses CuBLAS and you have CUDA >= 10.2. To enable deterministic behavior in this case, you must set an environment variable before running your PyTorch application: CUBLAS_WORKSPACE_CONFIG=:4096:8 or CUBLAS_WORKSPACE_CONFIG=:16:8. For more information, go to https://docs.nvidia.com/cuda/cublas/index.html#results-reproducibility (Triggered internally at /pytorch/aten/src/ATen/Context.cpp:315.)
  return Variable._execution_engine.run_backward(  # Calls into the C++ engine to run the backward pass
/home/ddewan/miniconda3/envs/aid/lib/python3.10/site-packages/torch/autograd/graph.py:841: UserWarning: Deterministic behavior was enabled with either `torch.use_deterministic_algorithms(True)` or `at::Context::setDeterministicAlgorithms(true)`, but this operation is not deterministic because it uses CuBLAS and you have CUDA >= 10.2. To enable deterministic behavior in this case, you must set an environment variable before running your PyTorch application: CUBLAS_WORKSPACE_CONFIG=:4096:8 or CUBLAS_WORKSPACE_CONFIG=:16:8. For more information, go to https://docs.nvidia.com/cuda/cublas/index.html#results-reproducibility (Triggered internally at /pytorch/aten/src/ATen/Context.cpp:315.)
  return Variable._execution_engine.run_backward(  # Calls into the C++ engine to run the backward pass
/home/ddewan/miniconda3/envs/aid/lib/python3.10/site-packages/torch/autograd/graph.py:841: UserWarning: Deterministic behavior was enabled with either `torch.use_deterministic_algorithms(True)` or `at::Context::setDeterministicAlgorithms(true)`, but this operation is not deterministic because it uses CuBLAS and you have CUDA >= 10.2. To enable deterministic behavior in this case, you must set an environment variable before running your PyTorch application: CUBLAS_WORKSPACE_CONFIG=:4096:8 or CUBLAS_WORKSPACE_CONFIG=:16:8. For more information, go to https://docs.nvidia.com/cuda/cublas/index.html#results-reproducibility (Triggered internally at /pytorch/aten/src/ATen/Context.cpp:315.)
  return Variable._execution_engine.run_backward(  # Calls into the C++ engine to run the backward pass
/home/ddewan/miniconda3/envs/aid/lib/python3.10/site-packages/torch/autograd/graph.py:841: UserWarning: Deterministic behavior was enabled with either `torch.use_deterministic_algorithms(True)` or `at::Context::setDeterministicAlgorithms(true)`, but this operation is not deterministic because it uses CuBLAS and you have CUDA >= 10.2. To enable deterministic behavior in this case, you must set an environment variable before running your PyTorch application: CUBLAS_WORKSPACE_CONFIG=:4096:8 or CUBLAS_WORKSPACE_CONFIG=:16:8. For more information, go to https://docs.nvidia.com/cuda/cublas/index.html#results-reproducibility (Triggered internally at /pytorch/aten/src/ATen/Context.cpp:315.)
  return Variable._execution_engine.run_backward(  # Calls into the C++ engine to run the backward pass
/home/ddewan/miniconda3/envs/aid/lib/python3.10/site-packages/torch/autograd/graph.py:841: UserWarning: Deterministic behavior was enabled with either `torch.use_deterministic_algorithms(True)` or `at::Context::setDeterministicAlgorithms(true)`, but this operation is not deterministic because it uses CuBLAS and you have CUDA >= 10.2. To enable deterministic behavior in this case, you must set an environment variable before running your PyTorch application: CUBLAS_WORKSPACE_CONFIG=:4096:8 or CUBLAS_WORKSPACE_CONFIG=:16:8. For more information, go to https://docs.nvidia.com/cuda/cublas/index.html#results-reproducibility (Triggered internally at /pytorch/aten/src/ATen/Context.cpp:315.)
  return Variable._execution_engine.run_backward(  # Calls into the C++ engine to run the backward pass
/home/ddewan/miniconda3/envs/aid/lib/python3.10/site-packages/torch/autograd/graph.py:841: UserWarning: Deterministic behavior was enabled with either `torch.use_deterministic_algorithms(True)` or `at::Context::setDeterministicAlgorithms(true)`, but this operation is not deterministic because it uses CuBLAS and you have CUDA >= 10.2. To enable deterministic behavior in this case, you must set an environment variable before running your PyTorch application: CUBLAS_WORKSPACE_CONFIG=:4096:8 or CUBLAS_WORKSPACE_CONFIG=:16:8. For more information, go to https://docs.nvidia.com/cuda/cublas/index.html#results-reproducibility (Triggered internally at /pytorch/aten/src/ATen/Context.cpp:315.)
  return Variable._execution_engine.run_backward(  # Calls into the C++ engine to run the backward pass
/home/ddewan/miniconda3/envs/aid/lib/python3.10/site-packages/torch/autograd/graph.py:841: UserWarning: Deterministic behavior was enabled with either `torch.use_deterministic_algorithms(True)` or `at::Context::setDeterministicAlgorithms(true)`, but this operation is not deterministic because it uses CuBLAS and you have CUDA >= 10.2. To enable deterministic behavior in this case, you must set an environment variable before running your PyTorch application: CUBLAS_WORKSPACE_CONFIG=:4096:8 or CUBLAS_WORKSPACE_CONFIG=:16:8. For more information, go to https://docs.nvidia.com/cuda/cublas/index.html#results-reproducibility (Triggered internally at /pytorch/aten/src/ATen/Context.cpp:315.)
  return Variable._execution_engine.run_backward(  # Calls into the C++ engine to run the backward pass
/home/ddewan/miniconda3/envs/aid/lib/python3.10/site-packages/torch/autograd/graph.py:841: UserWarning: Deterministic behavior was enabled with either `torch.use_deterministic_algorithms(True)` or `at::Context::setDeterministicAlgorithms(true)`, but this operation is not deterministic because it uses CuBLAS and you have CUDA >= 10.2. To enable deterministic behavior in this case, you must set an environment variable before running your PyTorch application: CUBLAS_WORKSPACE_CONFIG=:4096:8 or CUBLAS_WORKSPACE_CONFIG=:16:8. For more information, go to https://docs.nvidia.com/cuda/cublas/index.html#results-reproducibility (Triggered internally at /pytorch/aten/src/ATen/Context.cpp:315.)
  return Variable._execution_engine.run_backward(  # Calls into the C++ engine to run the backward pass
/home/ddewan/miniconda3/envs/aid/lib/python3.10/site-packages/torch/autograd/graph.py:841: UserWarning: Deterministic behavior was enabled with either `torch.use_deterministic_algorithms(True)` or `at::Context::setDeterministicAlgorithms(true)`, but this operation is not deterministic because it uses CuBLAS and you have CUDA >= 10.2. To enable deterministic behavior in this case, you must set an environment variable before running your PyTorch application: CUBLAS_WORKSPACE_CONFIG=:4096:8 or CUBLAS_WORKSPACE_CONFIG=:16:8. For more information, go to https://docs.nvidia.com/cuda/cublas/index.html#results-reproducibility (Triggered internally at /pytorch/aten/src/ATen/Context.cpp:315.)
  return Variable._execution_engine.run_backward(  # Calls into the C++ engine to run the backward pass
/home/ddewan/miniconda3/envs/aid/lib/python3.10/site-packages/torch/autograd/graph.py:841: UserWarning: Deterministic behavior was enabled with either `torch.use_deterministic_algorithms(True)` or `at::Context::setDeterministicAlgorithms(true)`, but this operation is not deterministic because it uses CuBLAS and you have CUDA >= 10.2. To enable deterministic behavior in this case, you must set an environment variable before running your PyTorch application: CUBLAS_WORKSPACE_CONFIG=:4096:8 or CUBLAS_WORKSPACE_CONFIG=:16:8. For more information, go to https://docs.nvidia.com/cuda/cublas/index.html#results-reproducibility (Triggered internally at /pytorch/aten/src/ATen/Context.cpp:315.)
  return Variable._execution_engine.run_backward(  # Calls into the C++ engine to run the backward pass
/home/ddewan/miniconda3/envs/aid/lib/python3.10/site-packages/torch/autograd/graph.py:841: UserWarning: Deterministic behavior was enabled with either `torch.use_deterministic_algorithms(True)` or `at::Context::setDeterministicAlgorithms(true)`, but this operation is not deterministic because it uses CuBLAS and you have CUDA >= 10.2. To enable deterministic behavior in this case, you must set an environment variable before running your PyTorch application: CUBLAS_WORKSPACE_CONFIG=:4096:8 or CUBLAS_WORKSPACE_CONFIG=:16:8. For more information, go to https://docs.nvidia.com/cuda/cublas/index.html#results-reproducibility (Triggered internally at /pytorch/aten/src/ATen/Context.cpp:315.)
  return Variable._execution_engine.run_backward(  # Calls into the C++ engine to run the backward pass
/home/ddewan/miniconda3/envs/aid/lib/python3.10/site-packages/torch/autograd/graph.py:841: UserWarning: Deterministic behavior was enabled with either `torch.use_deterministic_algorithms(True)` or `at::Context::setDeterministicAlgorithms(true)`, but this operation is not deterministic because it uses CuBLAS and you have CUDA >= 10.2. To enable deterministic behavior in this case, you must set an environment variable before running your PyTorch application: CUBLAS_WORKSPACE_CONFIG=:4096:8 or CUBLAS_WORKSPACE_CONFIG=:16:8. For more information, go to https://docs.nvidia.com/cuda/cublas/index.html#results-reproducibility (Triggered internally at /pytorch/aten/src/ATen/Context.cpp:315.)
  return Variable._execution_engine.run_backward(  # Calls into the C++ engine to run the backward pass
/home/ddewan/miniconda3/envs/aid/lib/python3.10/site-packages/torch/autograd/graph.py:841: UserWarning: Deterministic behavior was enabled with either `torch.use_deterministic_algorithms(True)` or `at::Context::setDeterministicAlgorithms(true)`, but this operation is not deterministic because it uses CuBLAS and you have CUDA >= 10.2. To enable deterministic behavior in this case, you must set an environment variable before running your PyTorch application: CUBLAS_WORKSPACE_CONFIG=:4096:8 or CUBLAS_WORKSPACE_CONFIG=:16:8. For more information, go to https://docs.nvidia.com/cuda/cublas/index.html#results-reproducibility (Triggered internally at /pytorch/aten/src/ATen/Context.cpp:315.)
  return Variable._execution_engine.run_backward(  # Calls into the C++ engine to run the backward pass
/home/ddewan/miniconda3/envs/aid/lib/python3.10/site-packages/torch/autograd/graph.py:841: UserWarning: Deterministic behavior was enabled with either `torch.use_deterministic_algorithms(True)` or `at::Context::setDeterministicAlgorithms(true)`, but this operation is not deterministic because it uses CuBLAS and you have CUDA >= 10.2. To enable deterministic behavior in this case, you must set an environment variable before running your PyTorch application: CUBLAS_WORKSPACE_CONFIG=:4096:8 or CUBLAS_WORKSPACE_CONFIG=:16:8. For more information, go to https://docs.nvidia.com/cuda/cublas/index.html#results-reproducibility (Triggered internally at /pytorch/aten/src/ATen/Context.cpp:315.)
  return Variable._execution_engine.run_backward(  # Calls into the C++ engine to run the backward pass
/home/ddewan/miniconda3/envs/aid/lib/python3.10/site-packages/torch/autograd/graph.py:841: UserWarning: Deterministic behavior was enabled with either `torch.use_deterministic_algorithms(True)` or `at::Context::setDeterministicAlgorithms(true)`, but this operation is not deterministic because it uses CuBLAS and you have CUDA >= 10.2. To enable deterministic behavior in this case, you must set an environment variable before running your PyTorch application: CUBLAS_WORKSPACE_CONFIG=:4096:8 or CUBLAS_WORKSPACE_CONFIG=:16:8. For more information, go to https://docs.nvidia.com/cuda/cublas/index.html#results-reproducibility (Triggered internally at /pytorch/aten/src/ATen/Context.cpp:315.)
  return Variable._execution_engine.run_backward(  # Calls into the C++ engine to run the backward pass
Seed set to 42 (Deterministic mode enabled)
Train Dataset Size:  393
Classes:  ['benign', 'malignant']
Class to index mapping:  {'benign': 0, 'malignant': 1}
Malignant samples:  103
Benign samples:  290
Backbone frozen: Training only layer4 and fc
Using device: cuda
Epoch 1
-------------------------------
Loss: 0.0017017022950655328
Val F1 (macro): 0.4254
✓ Checkpoint saved (F1: 0.4254)
Epoch 2
-------------------------------
Loss: 0.0012593538554873478
Val F1 (macro): 0.4229
EarlyStopping counter: 1 out of 10
Epoch 3
-------------------------------
Loss: 0.0015913941174669727
Val F1 (macro): 0.5331
✓ Checkpoint saved (F1: 0.5331)
Epoch 4
-------------------------------
Loss: 0.0013532338251594368
Val F1 (macro): 0.6244
✓ Checkpoint saved (F1: 0.6244)
Epoch 5
-------------------------------
Loss: 0.0010764026308181026
Val F1 (macro): 0.6308
✓ Checkpoint saved (F1: 0.6308)
Epoch 6
-------------------------------
Loss: 0.0013173724555483907
Val F1 (macro): 0.7034
✓ Checkpoint saved (F1: 0.7034)
Epoch 7
-------------------------------
Loss: 0.0010718949726823026
Val F1 (macro): 0.6759
EarlyStopping counter: 1 out of 10
Epoch 8
-------------------------------
Loss: 0.0014209815564046378
Val F1 (macro): 0.7564
✓ Checkpoint saved (F1: 0.7564)
Epoch 9
-------------------------------
Loss: 0.000811887833908314
Val F1 (macro): 0.7406
EarlyStopping counter: 1 out of 10
Epoch 10
-------------------------------
Loss: 0.0007536459818444482
Val F1 (macro): 0.7465
EarlyStopping counter: 2 out of 10
Epoch 11
-------------------------------
Loss: 0.0008075297940475037
Val F1 (macro): 0.7266
EarlyStopping counter: 3 out of 10
Epoch 12
-------------------------------
Loss: 0.000815326475915108
Val F1 (macro): 0.7646
✓ Checkpoint saved (F1: 0.7646)
Epoch 13
-------------------------------
Loss: 0.001108064299624688
Val F1 (macro): 0.7564
EarlyStopping counter: 1 out of 10
Epoch 14
-------------------------------
Loss: 0.00046222249363518246
Val F1 (macro): 0.7519
EarlyStopping counter: 2 out of 10
Epoch 15
-------------------------------
Loss: 0.0003064231942324845
Val F1 (macro): 0.7756
✓ Checkpoint saved (F1: 0.7756)
Epoch 16
-------------------------------
Loss: 0.000463246161701115
Val F1 (macro): 0.7597
EarlyStopping counter: 1 out of 10
Epoch 17
-------------------------------
Loss: 0.0006034961941891347
Val F1 (macro): 0.7033
EarlyStopping counter: 2 out of 10
Epoch 18
-------------------------------
Loss: 0.0003491800856650937
Val F1 (macro): 0.7048
EarlyStopping counter: 3 out of 10
Epoch 19
-------------------------------
Loss: 0.0005215161477639778
Val F1 (macro): 0.7201
EarlyStopping counter: 4 out of 10
Epoch 20
-------------------------------
Loss: 0.00020086200334340257
Val F1 (macro): 0.7092
EarlyStopping counter: 5 out of 10
Epoch 21
-------------------------------
Loss: 0.0005208343343273677
Val F1 (macro): 0.7197
EarlyStopping counter: 6 out of 10
Epoch 22
-------------------------------
Loss: 0.00035799429313523775
Val F1 (macro): 0.7465
EarlyStopping counter: 7 out of 10
Epoch 23
-------------------------------
Loss: 0.00028186118936417365
Val F1 (macro): 0.7388
EarlyStopping counter: 8 out of 10
Epoch 24
-------------------------------
Loss: 0.0004415813899828884
Val F1 (macro): 0.7329
EarlyStopping counter: 9 out of 10
Epoch 25
-------------------------------
Loss: 0.00020706435575436696
Val F1 (macro): 0.7121
EarlyStopping counter: 10 out of 10
Early stopping triggered after 25 epochs

Training complete!
Loaded best model (Best F1: 0.7756)

Job finished at: Mon Feb 23 00:18:03 EST 2026
Exit code: 
============================================================
